// Jest Snapshot v1, https://goo.gl/fbAQLP

exports[`lib getGlobalSpotPrices should return expected values 1`] = `
Array [
  Object {
    "AvailabilityZone": "us-east-2a",
    "InstanceType": "c4.large",
    "ProductDescription": "Linux/UNIX",
    "SpotPrice": "0.018100",
    "Timestamp": 2019-10-15T03:02:47.000Z,
  },
  Object {
    "AvailabilityZone": "us-east-2c",
    "InstanceType": "c4.large",
    "ProductDescription": "Linux/UNIX",
    "SpotPrice": "0.018100",
    "Timestamp": 2019-10-15T03:02:47.000Z,
  },
  Object {
    "AvailabilityZone": "us-east-2a",
    "InstanceType": "c5.large",
    "ProductDescription": "Linux/UNIX",
    "SpotPrice": "0.019000",
    "Timestamp": 2019-10-14T17:44:02.000Z,
  },
  Object {
    "AvailabilityZone": "us-east-2c",
    "InstanceType": "c5.large",
    "ProductDescription": "Linux/UNIX",
    "SpotPrice": "0.019000",
    "Timestamp": 2019-10-14T16:25:37.000Z,
  },
  Object {
    "AvailabilityZone": "us-east-2b",
    "InstanceType": "c5.large",
    "ProductDescription": "Linux/UNIX",
    "SpotPrice": "0.019100",
    "Timestamp": 2019-10-15T00:31:59.000Z,
  },
  Object {
    "AvailabilityZone": "us-east-2b",
    "InstanceType": "c4.large",
    "ProductDescription": "Linux/UNIX",
    "SpotPrice": "0.019300",
    "Timestamp": 2019-10-14T22:48:26.000Z,
  },
  Object {
    "AvailabilityZone": "eu-north-1a",
    "InstanceType": "c5.large",
    "ProductDescription": "Linux/UNIX",
    "SpotPrice": "0.027300",
    "Timestamp": 2019-10-15T01:48:25.000Z,
  },
  Object {
    "AvailabilityZone": "eu-north-1b",
    "InstanceType": "c5.large",
    "ProductDescription": "Linux/UNIX",
    "SpotPrice": "0.027300",
    "Timestamp": 2019-10-15T01:48:25.000Z,
  },
  Object {
    "AvailabilityZone": "eu-north-1c",
    "InstanceType": "c5.large",
    "ProductDescription": "Linux/UNIX",
    "SpotPrice": "0.027300",
    "Timestamp": 2019-10-15T01:48:25.000Z,
  },
  Object {
    "AvailabilityZone": "ca-central-1a",
    "InstanceType": "c4.large",
    "ProductDescription": "Linux/UNIX",
    "SpotPrice": "0.027500",
    "Timestamp": 2019-10-14T17:35:35.000Z,
  },
  Object {
    "AvailabilityZone": "ca-central-1b",
    "InstanceType": "c4.large",
    "ProductDescription": "Linux/UNIX",
    "SpotPrice": "0.027500",
    "Timestamp": 2019-10-14T17:35:35.000Z,
  },
  Object {
    "AvailabilityZone": "ap-south-1a",
    "InstanceType": "c4.large",
    "ProductDescription": "Linux/UNIX",
    "SpotPrice": "0.028300",
    "Timestamp": 2019-10-14T17:05:44.000Z,
  },
  Object {
    "AvailabilityZone": "ap-northeast-2a",
    "InstanceType": "c4.large",
    "ProductDescription": "Linux/UNIX",
    "SpotPrice": "0.028500",
    "Timestamp": 2019-10-14T06:38:53.000Z,
  },
  Object {
    "AvailabilityZone": "ap-northeast-2c",
    "InstanceType": "c4.large",
    "ProductDescription": "Linux/UNIX",
    "SpotPrice": "0.028500",
    "Timestamp": 2019-10-14T06:38:53.000Z,
  },
  Object {
    "AvailabilityZone": "ca-central-1a",
    "InstanceType": "c5.large",
    "ProductDescription": "Linux/UNIX",
    "SpotPrice": "0.028900",
    "Timestamp": 2019-10-14T10:38:52.000Z,
  },
  Object {
    "AvailabilityZone": "us-west-1b",
    "InstanceType": "c4.large",
    "ProductDescription": "Linux/UNIX",
    "SpotPrice": "0.029300",
    "Timestamp": 2019-10-14T22:49:15.000Z,
  },
  Object {
    "AvailabilityZone": "us-west-1c",
    "InstanceType": "c4.large",
    "ProductDescription": "Linux/UNIX",
    "SpotPrice": "0.029300",
    "Timestamp": 2019-10-14T22:49:15.000Z,
  },
  Object {
    "AvailabilityZone": "ca-central-1b",
    "InstanceType": "c5.large",
    "ProductDescription": "Linux/UNIX",
    "SpotPrice": "0.029400",
    "Timestamp": 2019-10-15T05:18:46.000Z,
  },
  Object {
    "AvailabilityZone": "eu-west-2a",
    "InstanceType": "c4.large",
    "ProductDescription": "Linux/UNIX",
    "SpotPrice": "0.029900",
    "Timestamp": 2019-10-14T05:36:49.000Z,
  },
  Object {
    "AvailabilityZone": "eu-west-2b",
    "InstanceType": "c4.large",
    "ProductDescription": "Linux/UNIX",
    "SpotPrice": "0.029900",
    "Timestamp": 2019-10-14T05:36:49.000Z,
  },
]
`;
